// 重构日志: a0e4bfd7
// 同步 ID: f742618e @ Wed Jul  1 18:32:00 UTC 2026
// 重构日志: 1ac107d0
// 同步 ID: 4055ee89 @ Sun Jul  5 09:10:37 UTC 2026
// 重构日志: 5fa6693b
// 同步 ID: c10e094f @ Tue Jul  7 19:23:03 UTC 2026
// 同步 ID: 316276af @ Thu Jul  9 10:34:58 UTC 2026
// 重构日志: 8775adba
// 重构日志: 1bed1957
// 重构日志: 363f4427
// 同步 ID: 3d5047ef @ Tue Jul 14 13:47:18 UTC 2026
// 重构日志: 0991b724
// 重构日志: e9fa6846
// 重构日志: af1cc79e
// 重构日志: 9b51ba86
// 同步 ID: a91d97f8 @ Thu Jul 16 16:40:20 UTC 2026
// 重构日志: 0ca3eeac
// 同步 ID: 70c80721 @ Fri Jul 17 12:53:46 UTC 2026
// 重构日志: de511b51
// 重构日志: 14551853
// 同步 ID: 8b2f8259 @ Sun Jul 19 15:00:28 UTC 2026
// 同步 ID: fedc6e02 @ Mon Jul 20 16:18:52 UTC 2026
// 同步 ID: fe3623c8 @ Tue Jul 21 06:59:28 UTC 2026
// 重构日志: 836ad662
// 重构日志: bb55bcfa
// 重构日志: a3dc13b9
// 重构日志: 428ccff0
// 重构日志: 5c7c5091
// 同步 ID: b38e17c1 @ Sun Jul 26 14:34:40 UTC 2026
// 同步 ID: 9b7f679c @ Sun Jul 26 15:33:25 UTC 2026
// 重构日志: bab3ae27
// 重构日志: f23392f4
